
Mati@DESKTOP-5V7B90M MINGW64 ~
$ cd

Mati@DESKTOP-5V7B90M MINGW64 ~
$ cd ..

Mati@DESKTOP-5V7B90M MINGW64 /c/Users
$ cd ..

Mati@DESKTOP-5V7B90M MINGW64 /c
$ cd ..

Mati@DESKTOP-5V7B90M MINGW64 /
$ cd D

Mati@DESKTOP-5V7B90M MINGW64 /D
$ cd GITUT

Mati@DESKTOP-5V7B90M MINGW64 /D/GITUT
$ ls

Mati@DESKTOP-5V7B90M MINGW64 /D/GITUT
$ ls
aaa.txt

Mati@DESKTOP-5V7B90M MINGW64 /D/GITUT
$ git init
Initialized empty Git repository in D:/GITUT/.git/

Mati@DESKTOP-5V7B90M MINGW64 /D/GITUT (master)
$ touch test.txt

Mati@DESKTOP-5V7B90M MINGW64 /D/GITUT (master)
$ ls
aaa.txt  test.txt

Mati@DESKTOP-5V7B90M MINGW64 /D/GITUT (master)
$ open test.txt
bash: open: command not found

Mati@DESKTOP-5V7B90M MINGW64 /D/GITUT (master)
$ gedit test.txt
bash: gedit: command not found

Mati@DESKTOP-5V7B90M MINGW64 /D/GITUT (master)
$ wim test.txt
bash: wim: command not found

Mati@DESKTOP-5V7B90M MINGW64 /D/GITUT (master)
$ s
bash: s: command not found

Mati@DESKTOP-5V7B90M MINGW64 /D/GITUT (master)
$ ls
aaa.txt  test.txt

Mati@DESKTOP-5V7B90M MINGW64 /D/GITUT (master)
$ git status
On branch master

Initial commit

Untracked files:
  (use "git add <file>..." to include in what will be committed)

        aaa.txt
        test.txt

nothing added to commit but untracked files present (use "git add" to track)

Mati@DESKTOP-5V7B90M MINGW64 /D/GITUT (master)
$ git add test.txt

Mati@DESKTOP-5V7B90M MINGW64 /D/GITUT (master)
$ git status
On branch master

Initial commit

Changes to be committed:
  (use "git rm --cached <file>..." to unstage)

        new file:   test.txt

Untracked files:
  (use "git add <file>..." to include in what will be committed)

        aaa.txt


Mati@DESKTOP-5V7B90M MINGW64 /D/GITUT (master)
$ git commit -m "Add new file test"
[master (root-commit) 0c3521d] Add new file test
 1 file changed, 1 insertion(+)
 create mode 100644 test.txt

Mati@DESKTOP-5V7B90M MINGW64 /D/GITUT (master)
$ git status
On branch master
Untracked files:
  (use "git add <file>..." to include in what will be committed)

        aaa.txt

nothing added to commit but untracked files present (use "git add" to track)

Mati@DESKTOP-5V7B90M MINGW64 /D/GITUT (master)
$ ls
aaa.txt  test.txt

Mati@DESKTOP-5V7B90M MINGW64 /D/GITUT (master)
$ git status
On branch master
Untracked files:
  (use "git add <file>..." to include in what will be committed)

        aaa.txt

nothing added to commit but untracked files present (use "git add" to track)

Mati@DESKTOP-5V7B90M MINGW64 /D/GITUT (master)
$ git status
On branch master
Untracked files:
  (use "git add <file>..." to include in what will be committed)

        aaa.txt

nothing added to commit but untracked files present (use "git add" to track)

Mati@DESKTOP-5V7B90M MINGW64 /D/GITUT (master)
$ git config --list
core.symlinks=false
core.autocrlf=true
color.diff=auto
color.status=auto
color.branch=auto
color.interactive=true
help.format=html
http.sslcainfo=C:/Program Files/Git/mingw64/ssl/certs/ca-bundle.crt
diff.astextplain.textconv=astextplain
rebase.autosquash=true
credential.helper=manager
filter.lfs.clean=git-lfs clean %f
filter.lfs.smudge=git-lfs smudge %f
filter.lfs.required=true
user.name=matius1
user.email=matius1@o2.pl
core.repositoryformatversion=0
core.filemode=false
core.bare=false
core.logallrefupdates=true
core.symlinks=false
core.ignorecase=true
core.hidedotfiles=dotGitOnly

Mati@DESKTOP-5V7B90M MINGW64 /D/GITUT (master)
$ git config user.name Mateusz Skocz

Mati@DESKTOP-5V7B90M MINGW64 /D/GITUT (master)
$ git config --list
core.symlinks=false
core.autocrlf=true
color.diff=auto
color.status=auto
color.branch=auto
color.interactive=true
help.format=html
http.sslcainfo=C:/Program Files/Git/mingw64/ssl/certs/ca-bundle.crt
diff.astextplain.textconv=astextplain
rebase.autosquash=true
credential.helper=manager
filter.lfs.clean=git-lfs clean %f
filter.lfs.smudge=git-lfs smudge %f
filter.lfs.required=true
user.name=matius1
user.email=matius1@o2.pl
core.repositoryformatversion=0
core.filemode=false
core.bare=false
core.logallrefupdates=true
core.symlinks=false
core.ignorecase=true
core.hidedotfiles=dotGitOnly
user.name=Mateusz

Mati@DESKTOP-5V7B90M MINGW64 /D/GITUT (master)
$ git config user.name "Mateusz Skocz"

Mati@DESKTOP-5V7B90M MINGW64 /D/GITUT (master)
$ git config --list
core.symlinks=false
core.autocrlf=true
color.diff=auto
color.status=auto
color.branch=auto
color.interactive=true
help.format=html
http.sslcainfo=C:/Program Files/Git/mingw64/ssl/certs/ca-bundle.crt
diff.astextplain.textconv=astextplain
rebase.autosquash=true
credential.helper=manager
filter.lfs.clean=git-lfs clean %f
filter.lfs.smudge=git-lfs smudge %f
filter.lfs.required=true
user.name=matius1
user.email=matius1@o2.pl
core.repositoryformatversion=0
core.filemode=false
core.bare=false
core.logallrefupdates=true
core.symlinks=false
core.ignorecase=true
core.hidedotfiles=dotGitOnly
user.name=Mateusz Skocz

Mati@DESKTOP-5V7B90M MINGW64 /D/GITUT (master)
$ git config user.name "Mateusz Skocz" --global

Mati@DESKTOP-5V7B90M MINGW64 /D/GITUT (master)
$ git config --list
core.symlinks=false
core.autocrlf=true
color.diff=auto
color.status=auto
color.branch=auto
color.interactive=true
help.format=html
http.sslcainfo=C:/Program Files/Git/mingw64/ssl/certs/ca-bundle.crt
diff.astextplain.textconv=astextplain
rebase.autosquash=true
credential.helper=manager
filter.lfs.clean=git-lfs clean %f
filter.lfs.smudge=git-lfs smudge %f
filter.lfs.required=true
user.name=matius1
user.email=matius1@o2.pl
core.repositoryformatversion=0
core.filemode=false
core.bare=false
core.logallrefupdates=true
core.symlinks=false
core.ignorecase=true
core.hidedotfiles=dotGitOnly
user.name=Mateusz Skocz
user.name=Mateusz Skocz

Mati@DESKTOP-5V7B90M MINGW64 /D/GITUT (master)
$ git config --global user.name "Mateusz Skocz"

Mati@DESKTOP-5V7B90M MINGW64 /D/GITUT (master)
$ git config --list
core.symlinks=false
core.autocrlf=true
color.diff=auto
color.status=auto
color.branch=auto
color.interactive=true
help.format=html
http.sslcainfo=C:/Program Files/Git/mingw64/ssl/certs/ca-bundle.crt
diff.astextplain.textconv=astextplain
rebase.autosquash=true
credential.helper=manager
filter.lfs.clean=git-lfs clean %f
filter.lfs.smudge=git-lfs smudge %f
filter.lfs.required=true
user.name=Mateusz Skocz
user.email=matius1@o2.pl
core.repositoryformatversion=0
core.filemode=false
core.bare=false
core.logallrefupdates=true
core.symlinks=false
core.ignorecase=true
core.hidedotfiles=dotGitOnly
user.name=Mateusz Skocz
user.name=Mateusz Skocz

Mati@DESKTOP-5V7B90M MINGW64 /D/GITUT (master)
$ git config --list
core.symlinks=false
core.autocrlf=true
color.diff=auto
color.status=auto
color.branch=auto
color.interactive=true
help.format=html
http.sslcainfo=C:/Program Files/Git/mingw64/ssl/certs/ca-bundle.crt
diff.astextplain.textconv=astextplain
rebase.autosquash=true
credential.helper=manager
filter.lfs.clean=git-lfs clean %f
filter.lfs.smudge=git-lfs smudge %f
filter.lfs.required=true
user.name=Mateusz Skocz
user.email=matius1@o2.pl
core.repositoryformatversion=0
core.filemode=false
core.bare=false
core.logallrefupdates=true
core.symlinks=false
core.ignorecase=true
core.hidedotfiles=dotGitOnly
user.name=Mateusz Skocz
user.name=Mateusz Skocz

Mati@DESKTOP-5V7B90M MINGW64 /D/GITUT (master)
$ ^C

Mati@DESKTOP-5V7B90M MINGW64 /D/GITUT (master)
$
